<?php return array (
  0 => 'Symfony\\Bundle\\FrameworkBundle\\Controller\\AbstractController',
  1 => 'App\\Controller\\Admin\\CategoryCrudController',
  2 => 'App\\Controller\\Admin\\DashboardController',
  3 => 'App\\Controller\\Admin\\MarqueCrudController',
  4 => 'App\\Controller\\Admin\\PictureCrudController',
  5 => 'App\\Controller\\Admin\\ProductCrudController',
  6 => 'App\\Controller\\Admin\\SizeCrudController',
  7 => 'App\\Controller\\Admin\\StockCrudController',
  8 => 'App\\Controller\\Admin\\SubCategoryCrudController',
  9 => 'App\\Controller\\Admin\\TagCrudController',
  10 => 'App\\Controller\\Admin\\UserCrudController',
  11 => 'App\\Controller\\CatalogueController',
  12 => 'App\\Controller\\HomeController',
  13 => 'App\\Controller\\InformationsController',
  14 => 'App\\Controller\\ProductController',
  15 => 'App\\Controller\\RegistrationController',
  16 => 'App\\Controller\\SecurityController',
  17 => 'App\\Entity\\Category',
  18 => 'App\\Entity\\Marque',
  19 => 'App\\Entity\\Picture',
  20 => 'App\\Entity\\Product',
  21 => 'App\\Entity\\Size',
  22 => 'App\\Entity\\Stock',
  23 => 'App\\Entity\\SubCategory',
  24 => 'App\\Entity\\Tag',
  25 => 'App\\Entity\\User',
  26 => 'Doctrine\\Bundle\\DoctrineBundle\\Controller\\ProfilerController',
  27 => 'Doctrine\\ORM\\Cache\\Persister\\Entity\\AbstractEntityPersister',
  28 => 'Doctrine\\ORM\\Cache\\Persister\\Entity\\CachedEntityPersister',
  29 => 'Doctrine\\ORM\\Cache\\Persister\\Entity\\NonStrictReadWriteCachedEntityPersister',
  30 => 'Doctrine\\ORM\\Cache\\Persister\\Entity\\ReadOnlyCachedEntityPersister',
  31 => 'Doctrine\\ORM\\Cache\\Persister\\Entity\\ReadWriteCachedEntityPersister',
  32 => 'Doctrine\\ORM\\Persisters\\Entity\\AbstractEntityInheritancePersister',
  33 => 'Doctrine\\ORM\\Persisters\\Entity\\BasicEntityPersister',
  34 => 'Doctrine\\ORM\\Persisters\\Entity\\CachedPersisterContext',
  35 => 'Doctrine\\ORM\\Persisters\\Entity\\EntityPersister',
  36 => 'Doctrine\\ORM\\Persisters\\Entity\\JoinedSubclassPersister',
  37 => 'Doctrine\\ORM\\Persisters\\Entity\\SingleTablePersister',
  38 => 'EasyCorp\\Bundle\\EasyAdminBundle\\Contracts\\Controller\\CrudControllerInterface',
  39 => 'EasyCorp\\Bundle\\EasyAdminBundle\\Contracts\\Controller\\DashboardControllerInterface',
  40 => 'EasyCorp\\Bundle\\EasyAdminBundle\\Controller\\AbstractCrudController',
  41 => 'EasyCorp\\Bundle\\EasyAdminBundle\\Controller\\AbstractDashboardController',
  42 => 'EasyCorp\\Bundle\\EasyAdminBundle\\Controller\\EasyAdminController',
  44 => 'Symfony\\Bundle\\FrameworkBundle\\Controller\\ControllerResolver',
  45 => 'Symfony\\Bundle\\FrameworkBundle\\Controller\\RedirectController',
  46 => 'Symfony\\Bundle\\FrameworkBundle\\Controller\\TemplateController',
  47 => 'Symfony\\Bundle\\WebProfilerBundle\\Controller\\ExceptionPanelController',
  48 => 'Symfony\\Bundle\\WebProfilerBundle\\Controller\\ProfilerController',
  49 => 'Symfony\\Bundle\\WebProfilerBundle\\Controller\\RouterController',
  50 => 'Symfony\\Component\\HttpKernel\\Controller\\ArgumentResolver',
  51 => 'Symfony\\Component\\HttpKernel\\Controller\\ArgumentResolverInterface',
  52 => 'Symfony\\Component\\HttpKernel\\Controller\\ArgumentResolver\\DefaultValueResolver',
  53 => 'Symfony\\Component\\HttpKernel\\Controller\\ArgumentResolver\\NotTaggedControllerValueResolver',
  54 => 'Symfony\\Component\\HttpKernel\\Controller\\ArgumentResolver\\RequestAttributeValueResolver',
  55 => 'Symfony\\Component\\HttpKernel\\Controller\\ArgumentResolver\\RequestValueResolver',
  56 => 'Symfony\\Component\\HttpKernel\\Controller\\ArgumentResolver\\ServiceValueResolver',
  57 => 'Symfony\\Component\\HttpKernel\\Controller\\ArgumentResolver\\SessionValueResolver',
  58 => 'Symfony\\Component\\HttpKernel\\Controller\\ArgumentResolver\\TraceableValueResolver',
  59 => 'Symfony\\Component\\HttpKernel\\Controller\\ArgumentResolver\\VariadicValueResolver',
  60 => 'Symfony\\Component\\HttpKernel\\Controller\\ArgumentValueResolverInterface',
  61 => 'Symfony\\Component\\HttpKernel\\Controller\\ContainerControllerResolver',
  62 => 'Symfony\\Component\\HttpKernel\\Controller\\ControllerReference',
  63 => 'Symfony\\Component\\HttpKernel\\Controller\\ControllerResolver',
  64 => 'Symfony\\Component\\HttpKernel\\Controller\\ControllerResolverInterface',
  65 => 'Symfony\\Component\\HttpKernel\\Controller\\ErrorController',
  66 => 'Symfony\\Component\\HttpKernel\\Controller\\TraceableArgumentResolver',
  67 => 'Symfony\\Component\\HttpKernel\\Controller\\TraceableControllerResolver',
  68 => 'Symfony\\Component\\Security\\Http\\Controller\\UserValueResolver',
  69 => 'Vich\\UploaderBundle\\Entity\\File',
);